2026-09-01T19:26:22+0700 [INFO] [siredo-server] Menjalankan migrasi (sqlite): 002_create_admin_and_engine_config_tables.py...
2026-09-01T19:26:22+0700 [INFO] [siredo-server] [OK] Migrasi 002_create_admin_and_engine_config_tables.py berhasil diaplikasikan.
2026-09-01T19:26:22+0700 [INFO] [siredo-server] Berhasil mengaplikasikan 1 migrasi baru ke (sqlite).
2026-09-01T19:27:07+0700 [INFO] [siredo-server] Database skema (sqlite) sudah up to date. Tidak ada migrasi baru.
2026-09-01T19:27:41+0700 [INFO] [siredo-server] Menjalankan DatabaseSeeder...
2026-09-01T19:27:41+0700 [INFO] [siredo-server] Seeder: System config sudah ada, melewati pembuatan ulang.
2026-09-01T19:28:13+0700 [INFO] [siredo-server] Menjalankan DatabaseSeeder...
2026-09-01T19:28:13+0700 [INFO] [siredo-server] Seeder: System config sudah ada, melewati pembuatan ulang.
2026-09-01T19:28:13+0700 [INFO] [siredo-server] AdminSeeder: Default admin user 'admin' berhasil dibuat.
2026-09-01T19:28:13+0700 [INFO] [siredo-server] AdminSeeder: Default engine_configs berhasil ditanamkan (threshold=0.3).
2026-09-01T19:28:13+0700 [INFO] [siredo-server] [OK] DatabaseSeeder selesai dijalankan.
2026-09-01T19:42:12+0700 [INFO] [siredo-server] ==================================================
2026-09-01T19:42:12+0700 [INFO] [siredo-server] MEMULAI PROSES WARM-UP SERVER (SIREDO V3)
2026-09-01T19:42:12+0700 [INFO] [siredo-server] ==================================================
2026-09-01T19:42:12+0700 [INFO] [siredo-server] [1/5] Mengambil data dosen dari Storage (Database MySQL / Excel)...
2026-09-01T19:42:12+0700 [INFO] [siredo-server] Berhasil memuat 86 data dosen dari database relasional (sqlite).
2026-09-01T19:42:12+0700 [INFO] [siredo-server]       [OK] Berhasil memuat 86 data dosen (0.07s)
2026-09-01T19:42:12+0700 [INFO] [siredo-server] [2/5] Membangun Korpus & Preprocessing Teks...
2026-09-01T19:42:12+0700 [INFO] [siredo-server]       [OK] Preprocessing korpus selesai (0.02s)
2026-09-01T19:42:12+0700 [INFO] [siredo-server] [3/5] Tokenisasi & Fitting BM25 Engine...
2026-09-01T19:42:12+0700 [INFO] [siredo-server]       [OK] Lexical BM25 Engine siap (0.11s)
2026-09-01T19:42:12+0700 [INFO] [siredo-server] [4/5] Menyiapkan Semantic SBERT Engine (Model & Embeddings)...
2026-09-01T19:42:12+0700 [INFO] [siredo-server] Memuat model Sentence-BERT 'paraphrase-multilingual-MiniLM-L12-v2' pada device: CPU...
2026-09-01T19:42:22+0700 [INFO] [siredo-server] Memuat SBERT cache embeddings dari disk: C:\Users\USER\marcell-porto-project\siredo\server\storage\cache\sbert_embeddings.npy
2026-09-01T19:42:22+0700 [INFO] [siredo-server]       [OK] Semantic SBERT Engine siap (9.85s)
2026-09-01T19:42:22+0700 [INFO] [siredo-server] [5/5] Menyimpan Cache Dosen ke disk...
2026-09-01T19:42:22+0700 [INFO] [siredo-server]       [OK] Cache state tersimpan (0.00s)
2026-09-01T19:42:22+0700 [INFO] [siredo-server] ==================================================
2026-09-01T19:42:22+0700 [INFO] [siredo-server] SERVER WARM-UP SELESAI DALAM 10.06 DETIK
2026-09-01T19:42:22+0700 [INFO] [siredo-server] ==================================================
2026-09-01T19:42:32+0700 [INFO] [siredo-server] request_id=fb8bd835 endpoint=GET /api/system/status status=200 duration=0.0ms
2026-09-01T19:42:47+0700 [INFO] [siredo-server] request_id=8616d42f endpoint=GET /api/system/status status=200 duration=0.0ms
2026-09-01T19:42:55+0700 [INFO] [siredo-server] Database skema (sqlite) sudah up to date. Tidak ada migrasi baru.
2026-09-01T19:43:02+0700 [INFO] [siredo-server] request_id=8d6cd192 endpoint=GET /api/system/status status=200 duration=0.0ms
2026-09-01T19:43:17+0700 [INFO] [siredo-server] request_id=cf4ac3f7 endpoint=GET /api/system/status status=200 duration=0.0ms
2026-09-01T19:43:22+0700 [INFO] [siredo-server] Menjalankan DatabaseSeeder...
2026-09-01T19:43:22+0700 [INFO] [siredo-server] Seeder: System config sudah ada, melewati pembuatan ulang.
2026-09-01T19:43:22+0700 [INFO] [siredo-server] AdminSeeder: Admin user 'admin' sudah ada.
2026-09-01T19:43:22+0700 [INFO] [siredo-server] AdminSeeder: engine_configs sudah ada.
2026-09-01T19:43:22+0700 [INFO] [siredo-server] [OK] DatabaseSeeder selesai dijalankan.
2026-09-01T19:43:22+0700 [WARNING] [siredo-server] Failed to verify admin token: Invalid base64-encoded string: number of data characters (349) cannot be 1 more than a multiple of 4
2026-09-01T19:43:22+0700 [WARNING] [siredo-server] Application error [UNAUTHENTICATED]: Akses ditolak: Sesi atau API Key admin tidak valid / kadaluarsa
2026-09-01T19:43:22+0700 [WARNING] [siredo-server] Failed to verify admin token: Invalid base64-encoded string: number of data characters (349) cannot be 1 more than a multiple of 4
2026-09-01T19:43:22+0700 [WARNING] [siredo-server] Application error [UNAUTHENTICATED]: Akses ditolak: Sesi atau API Key admin tidak valid / kadaluarsa
2026-09-01T19:43:22+0700 [INFO] [siredo-server] request_id=106edc22 endpoint=GET /api/admin/config status=401 duration=2.79ms
2026-09-01T19:43:22+0700 [INFO] [siredo-server] request_id=2fe36844 endpoint=GET /api/admin/dosen status=401 duration=6.28ms
2026-09-01T19:43:24+0700 [WARNING] [siredo-server] Failed to verify admin token: Invalid base64-encoded string: number of data characters (349) cannot be 1 more than a multiple of 4
2026-09-01T19:43:24+0700 [WARNING] [siredo-server] Application error [UNAUTHENTICATED]: Akses ditolak: Sesi atau API Key admin tidak valid / kadaluarsa
2026-09-01T19:43:24+0700 [INFO] [siredo-server] request_id=fd90287f endpoint=GET /api/admin/config status=401 duration=0.68ms
2026-09-01T19:43:26+0700 [WARNING] [siredo-server] Failed to verify admin token: Invalid base64-encoded string: number of data characters (349) cannot be 1 more than a multiple of 4
2026-09-01T19:43:26+0700 [WARNING] [siredo-server] Application error [UNAUTHENTICATED]: Akses ditolak: Sesi atau API Key admin tidak valid / kadaluarsa
2026-09-01T19:43:26+0700 [INFO] [siredo-server] request_id=97b0cd5e endpoint=GET /api/admin/config status=401 duration=1.0ms
2026-09-01T19:43:27+0700 [WARNING] [siredo-server] Failed to verify admin token: Invalid base64-encoded string: number of data characters (349) cannot be 1 more than a multiple of 4
2026-09-01T19:43:27+0700 [WARNING] [siredo-server] Application error [UNAUTHENTICATED]: Akses ditolak: Sesi atau API Key admin tidak valid / kadaluarsa
2026-09-01T19:43:27+0700 [WARNING] [siredo-server] Failed to verify admin token: Invalid base64-encoded string: number of data characters (349) cannot be 1 more than a multiple of 4
2026-09-01T19:43:27+0700 [INFO] [siredo-server] request_id=6bda2e81 endpoint=GET /api/admin/dosen status=401 duration=1.26ms
2026-09-01T19:43:27+0700 [WARNING] [siredo-server] Application error [UNAUTHENTICATED]: Akses ditolak: Sesi atau API Key admin tidak valid / kadaluarsa
2026-09-01T19:43:27+0700 [INFO] [siredo-server] request_id=c30fd10c endpoint=GET /api/admin/config status=401 duration=2.0ms
2026-09-01T19:43:32+0700 [INFO] [siredo-server] request_id=45ec0734 endpoint=GET /api/system/status status=200 duration=0.0ms
2026-09-01T19:43:46+0700 [WARNING] [siredo-server] Failed to verify admin token: Invalid base64-encoded string: number of data characters (349) cannot be 1 more than a multiple of 4
2026-09-01T19:43:46+0700 [WARNING] [siredo-server] Application error [UNAUTHENTICATED]: Akses ditolak: Sesi atau API Key admin tidak valid / kadaluarsa
2026-09-01T19:43:46+0700 [INFO] [siredo-server] request_id=c6e75afb endpoint=GET /api/admin/config status=401 duration=1.47ms
2026-09-01T19:43:47+0700 [INFO] [siredo-server] request_id=8ae3d80f endpoint=GET /api/system/status status=200 duration=0.0ms
2026-09-01T19:44:02+0700 [INFO] [siredo-server] request_id=e8b0e294 endpoint=GET /api/system/status status=200 duration=1.0ms
2026-09-01T19:44:17+0700 [INFO] [siredo-server] request_id=e0950780 endpoint=GET /api/system/status status=200 duration=0.0ms
2026-09-01T19:44:25+0700 [WARNING] [siredo-server] Failed to verify admin token: Invalid base64-encoded string: number of data characters (349) cannot be 1 more than a multiple of 4
2026-09-01T19:44:25+0700 [WARNING] [siredo-server] Application error [UNAUTHENTICATED]: Akses ditolak: Sesi atau API Key admin tidak valid / kadaluarsa
2026-09-01T19:44:25+0700 [WARNING] [siredo-server] Failed to verify admin token: Invalid base64-encoded string: number of data characters (349) cannot be 1 more than a multiple of 4
2026-09-01T19:44:25+0700 [INFO] [siredo-server] request_id=86c21639 endpoint=GET /api/admin/dosen status=401 duration=2.0ms
2026-09-01T19:44:25+0700 [WARNING] [siredo-server] Application error [UNAUTHENTICATED]: Akses ditolak: Sesi atau API Key admin tidak valid / kadaluarsa
2026-09-01T19:44:25+0700 [INFO] [siredo-server] request_id=8f2fa567 endpoint=GET /api/admin/config status=401 duration=2.78ms
2026-09-01T19:44:32+0700 [INFO] [siredo-server] request_id=64b7956f endpoint=GET /api/system/status status=200 duration=0.0ms
2026-09-01T19:44:47+0700 [INFO] [siredo-server] request_id=fb523cf7 endpoint=GET /api/system/status status=200 duration=0.0ms
2026-09-01T19:45:02+0700 [INFO] [siredo-server] request_id=163211eb endpoint=GET /api/system/status status=200 duration=0.61ms
2026-09-01T19:45:05+0700 [INFO] [siredo-server] request_id=87c7763c endpoint=GET /health status=200 duration=0.0ms
2026-09-01T19:45:05+0700 [INFO] [siredo-server] request_id=facac0c8 endpoint=GET /api/dosen status=200 duration=0.0ms
2026-09-01T19:45:05+0700 [INFO] [siredo-server] Memuat model Sentence-BERT 'paraphrase-multilingual-MiniLM-L12-v2' pada device: CPU...
2026-09-01T19:45:15+0700 [INFO] [siredo-server] request_id=ececcd45 endpoint=GET /api/status status=200 duration=0.0ms
2026-09-01T19:45:16+0700 [INFO] [siredo-server] request_id=2391c493 endpoint=POST /api/recommendations status=200 duration=11261.03ms
2026-09-01T19:45:16+0700 [INFO] [siredo-server] request_id=64026b15 endpoint=POST /api/recommendations status=200 duration=79.71ms
2026-09-01T19:45:16+0700 [WARNING] [siredo-server] Application error [VALIDATION_ERROR]: Judul atau abstrak penelitian harus diisi
2026-09-01T19:45:16+0700 [INFO] [siredo-server] request_id=e5aac7c0 endpoint=POST /api/recommendations status=400 duration=6.03ms
2026-09-01T19:45:16+0700 [INFO] [siredo-server] request_id=5e94fc20 endpoint=POST /api/recommendations/batch status=200 duration=150.97ms
2026-09-01T19:45:16+0700 [WARNING] [siredo-server] Application error [BATCH_LIMIT_EXCEEDED]: Jumlah batch proposal (10) melebihi batas maksimum yang diizinkan (5)
2026-09-01T19:45:16+0700 [INFO] [siredo-server] request_id=3767b84f endpoint=POST /api/recommendations/batch status=400 duration=1.06ms
2026-09-01T19:45:17+0700 [INFO] [siredo-server] request_id=6f7e5346 endpoint=POST /api/recommendations status=200 duration=164.37ms
2026-09-01T19:45:17+0700 [INFO] [siredo-server] request_id=36b04fea endpoint=POST /api/recommendations status=200 duration=91.52ms
2026-09-01T19:45:17+0700 [INFO] [siredo-server] request_id=37e00178 endpoint=GET /api/system/status status=200 duration=0.0ms
2026-09-01T19:45:17+0700 [INFO] [siredo-server] request_id=5d016ec6 endpoint=POST /api/recommendations status=200 duration=80.49ms
2026-09-01T19:45:17+0700 [INFO] [siredo-server] request_id=5270037a endpoint=POST /api/recommendations status=200 duration=93.61ms
2026-09-01T19:45:17+0700 [INFO] [siredo-server] request_id=f0d52c61 endpoint=POST /api/recommendations status=200 duration=101.85ms
2026-09-01T19:45:18+0700 [INFO] [siredo-server] request_id=f44d4873 endpoint=GET /api/system/status status=200 duration=1.0ms
2026-09-01T19:45:18+0700 [INFO] [siredo-server] request_id=98eb5a77 endpoint=POST /api/recommendations/batch status=200 duration=760.44ms
2026-09-01T19:45:18+0700 [INFO] [siredo-server] request_id=78d3825e endpoint=GET /health status=200 duration=0.5ms
2026-09-01T19:45:18+0700 [INFO] [siredo-server] request_id=885799cb endpoint=GET /api/system/status status=200 duration=0.0ms
2026-09-01T19:45:18+0700 [INFO] [siredo-server] request_id=2f2d140b endpoint=GET /api/dosen status=200 duration=0.0ms
2026-09-01T19:45:18+0700 [INFO] [siredo-server] request_id=f334fc45 endpoint=GET /api/system/config status=200 duration=1.0ms
2026-09-01T19:45:18+0700 [INFO] [siredo-server] Konfigurasi runtime berhasil diperbarui: {'is_adaptive': False, 'manual_alpha': 0.6}
2026-09-01T19:45:18+0700 [INFO] [siredo-server] request_id=dc4756ea endpoint=PATCH /api/system/config status=200 duration=11.01ms
2026-09-01T19:45:18+0700 [WARNING] [siredo-server] Application error [UNAUTHENTICATED]: Akses ditolak: API Key admin tidak valid atau tidak disertakan
2026-09-01T19:45:18+0700 [INFO] [siredo-server] request_id=070f04f2 endpoint=PATCH /api/system/config status=401 duration=1.0ms
2026-09-01T19:45:22+0700 [INFO] [siredo-server] Admin 'admin' berhasil login.
2026-09-01T19:45:22+0700 [INFO] [siredo-server] request_id=e6e8eded endpoint=POST /api/admin/auth/login status=200 duration=165.08ms
2026-09-01T19:45:22+0700 [INFO] [siredo-server] request_id=9fa130e5 endpoint=GET /api/system/status status=200 duration=0.0ms
2026-09-01T19:45:22+0700 [INFO] [siredo-server] request_id=c492a115 endpoint=GET /api/admin/dosen status=200 duration=8.89ms
2026-09-01T19:45:22+0700 [INFO] [siredo-server] request_id=6c1244b7 endpoint=GET /api/admin/config status=200 duration=1.51ms
2026-09-01T19:45:32+0700 [INFO] [siredo-server] request_id=a7abfe2b endpoint=GET /api/system/status status=200 duration=0.0ms
2026-09-01T19:45:32+0700 [INFO] [siredo-server] request_id=20d38b73 endpoint=GET /api/system/status status=200 duration=0.0ms
2026-09-01T19:45:37+0700 [INFO] [siredo-server] request_id=10597b06 endpoint=GET /api/system/status status=200 duration=1.0ms
2026-09-01T19:45:47+0700 [INFO] [siredo-server] request_id=31114b5b endpoint=GET /api/system/status status=200 duration=0.0ms
2026-09-01T19:45:47+0700 [INFO] [siredo-server] request_id=d6fa9811 endpoint=GET /api/system/status status=200 duration=0.0ms
2026-09-01T19:45:52+0700 [INFO] [siredo-server] request_id=b549e971 endpoint=GET /api/system/status status=200 duration=0.0ms
2026-09-01T19:45:59+0700 [INFO] [siredo-server] request_id=f7fe8ddd endpoint=GET /health status=200 duration=0.0ms
2026-09-01T19:45:59+0700 [INFO] [siredo-server] request_id=2aafde68 endpoint=GET /api/dosen status=200 duration=0.0ms
2026-09-01T19:45:59+0700 [INFO] [siredo-server] Memuat model Sentence-BERT 'paraphrase-multilingual-MiniLM-L12-v2' pada device: CPU...
2026-09-01T19:46:02+0700 [INFO] [siredo-server] request_id=615346fe endpoint=GET /api/system/status status=200 duration=0.0ms
2026-09-01T19:46:02+0700 [INFO] [siredo-server] request_id=16e3de4b endpoint=GET /api/system/status status=200 duration=0.0ms
2026-09-01T19:46:07+0700 [INFO] [siredo-server] request_id=0df17e2c endpoint=GET /api/system/status status=200 duration=0.0ms
2026-09-01T19:46:09+0700 [INFO] [siredo-server] request_id=7e91051b endpoint=POST /api/recommendations status=200 duration=9940.67ms
2026-09-01T19:46:09+0700 [INFO] [siredo-server] request_id=d5c16ad8 endpoint=POST /api/recommendations status=200 duration=104.21ms
2026-09-01T19:46:09+0700 [WARNING] [siredo-server] Application error [VALIDATION_ERROR]: Judul atau abstrak penelitian harus diisi
2026-09-01T19:46:09+0700 [INFO] [siredo-server] request_id=c823eaae endpoint=POST /api/recommendations status=400 duration=2.0ms
2026-09-01T19:46:09+0700 [INFO] [siredo-server] request_id=640816fc endpoint=POST /api/recommendations/batch status=200 duration=258.45ms
2026-09-01T19:46:09+0700 [WARNING] [siredo-server] Application error [BATCH_LIMIT_EXCEEDED]: Jumlah batch proposal (10) melebihi batas maksimum yang diizinkan (5)
2026-09-01T19:46:09+0700 [INFO] [siredo-server] request_id=d663b0b6 endpoint=POST /api/recommendations/batch status=400 duration=0.97ms
2026-09-01T19:46:10+0700 [INFO] [siredo-server] request_id=898aca7b endpoint=POST /api/recommendations status=200 duration=323.12ms
2026-09-01T19:46:10+0700 [INFO] [siredo-server] request_id=58da5330 endpoint=POST /api/recommendations status=200 duration=251.28ms
2026-09-01T19:46:10+0700 [INFO] [siredo-server] request_id=c3338e31 endpoint=POST /api/recommendations status=200 duration=176.4ms
2026-09-01T19:46:10+0700 [INFO] [siredo-server] request_id=d07f4deb endpoint=POST /api/recommendations status=200 duration=342.06ms
2026-09-01T19:46:11+0700 [INFO] [siredo-server] request_id=285629a1 endpoint=POST /api/recommendations status=200 duration=242.77ms
2026-09-01T19:46:12+0700 [INFO] [siredo-server] request_id=61cafbf8 endpoint=POST /api/recommendations/batch status=200 duration=1106.54ms
2026-09-01T19:46:12+0700 [INFO] [siredo-server] request_id=fa427d07 endpoint=GET /health status=200 duration=0.0ms
2026-09-01T19:46:12+0700 [INFO] [siredo-server] request_id=d5f5a3d9 endpoint=GET /api/system/status status=200 duration=0.41ms
2026-09-01T19:46:12+0700 [INFO] [siredo-server] request_id=4f741021 endpoint=GET /api/dosen status=200 duration=0.55ms
2026-09-01T19:46:12+0700 [INFO] [siredo-server] request_id=4c3994f4 endpoint=GET /api/system/config status=200 duration=1.51ms
2026-09-01T19:46:12+0700 [INFO] [siredo-server] Konfigurasi runtime berhasil diperbarui: {'is_adaptive': False, 'manual_alpha': 0.6}
2026-09-01T19:46:12+0700 [INFO] [siredo-server] request_id=91d29aa9 endpoint=PATCH /api/system/config status=200 duration=10.0ms
2026-09-01T19:46:12+0700 [WARNING] [siredo-server] Application error [UNAUTHENTICATED]: Akses ditolak: API Key admin tidak valid atau tidak disertakan
2026-09-01T19:46:12+0700 [INFO] [siredo-server] request_id=9c2cb270 endpoint=PATCH /api/system/config status=401 duration=2.0ms
2026-09-01T19:46:17+0700 [INFO] [siredo-server] request_id=ffd1fb2d endpoint=GET /api/system/status status=200 duration=0.0ms
2026-09-01T19:46:17+0700 [INFO] [siredo-server] request_id=b2c5e05a endpoint=GET /api/system/status status=200 duration=0.0ms
2026-09-01T19:46:22+0700 [INFO] [siredo-server] request_id=71d279e2 endpoint=GET /api/system/status status=200 duration=0.0ms
2026-09-01T19:46:32+0700 [INFO] [siredo-server] request_id=b83ea126 endpoint=GET /api/system/status status=200 duration=0.0ms
2026-09-01T19:46:32+0700 [INFO] [siredo-server] request_id=93dcd754 endpoint=GET /api/system/status status=200 duration=0.0ms
2026-09-01T19:46:37+0700 [INFO] [siredo-server] request_id=a30206ec endpoint=GET /api/system/status status=200 duration=0.0ms
2026-09-01T19:46:47+0700 [INFO] [siredo-server] request_id=11afcb3a endpoint=GET /api/system/status status=200 duration=0.0ms
2026-09-01T19:46:47+0700 [INFO] [siredo-server] request_id=9a1f2b0f endpoint=GET /api/system/status status=200 duration=0.0ms
2026-09-01T19:46:48+0700 [INFO] [siredo-server] request_id=119484ca endpoint=GET /api/system/status status=200 duration=0.0ms
2026-09-01T19:46:49+0700 [INFO] [siredo-server] request_id=35c683fe endpoint=GET /api/system/status status=200 duration=0.0ms
2026-09-01T19:46:49+0700 [INFO] [siredo-server] request_id=f3f13ff1 endpoint=GET /api/system/status status=200 duration=0.21ms
2026-09-01T19:46:52+0700 [INFO] [siredo-server] request_id=151f73fb endpoint=GET /api/admin/config status=200 duration=2.02ms
2026-09-01T19:47:04+0700 [INFO] [siredo-server] request_id=c308f089 endpoint=GET /api/system/status status=200 duration=1.0ms
2026-09-01T19:47:19+0700 [INFO] [siredo-server] request_id=0e2dbf06 endpoint=GET /api/system/status status=200 duration=0.0ms
2026-09-01T19:47:34+0700 [INFO] [siredo-server] request_id=e5f65c12 endpoint=GET /api/system/status status=200 duration=0.0ms
2026-09-01T19:47:49+0700 [INFO] [siredo-server] request_id=c7507b13 endpoint=GET /api/system/status status=200 duration=0.0ms
2026-09-01T19:48:04+0700 [INFO] [siredo-server] request_id=673617f8 endpoint=GET /api/system/status status=200 duration=0.0ms
2026-09-01T19:48:12+0700 [INFO] [siredo-server] request_id=046d202e endpoint=GET /api/admin/dosen status=200 duration=6.0ms
2026-09-01T19:48:13+0700 [INFO] [siredo-server] request_id=4e98ba1d endpoint=GET /api/system/status status=200 duration=0.99ms
2026-09-01T19:48:13+0700 [INFO] [siredo-server] request_id=5b04739e endpoint=GET /api/admin/dosen status=200 duration=20.28ms
2026-09-01T19:48:19+0700 [INFO] [siredo-server] request_id=be092682 endpoint=GET /api/admin/dosen status=200 duration=9.0ms
2026-09-01T19:48:19+0700 [INFO] [siredo-server] request_id=7d31dc37 endpoint=GET /api/admin/config status=200 duration=3.99ms
2026-09-01T19:48:22+0700 [INFO] [siredo-server] request_id=ce6c6de7 endpoint=GET /api/admin/dosen status=200 duration=4.66ms
2026-09-01T19:48:22+0700 [INFO] [siredo-server] request_id=f35eb827 endpoint=GET /api/admin/dosen status=200 duration=4.0ms
2026-09-01T19:48:22+0700 [INFO] [siredo-server] request_id=212a8bf1 endpoint=GET /api/admin/config status=200 duration=2.0ms
2026-09-01T19:48:24+0700 [INFO] [siredo-server] request_id=47d700e1 endpoint=GET /api/admin/dosen status=200 duration=4.07ms
2026-09-01T19:48:28+0700 [INFO] [siredo-server] request_id=bf7eb3d8 endpoint=GET /api/system/status status=200 duration=0.0ms
2026-09-01T19:48:38+0700 [INFO] [siredo-server] request_id=0726e591 endpoint=GET /api/admin/config status=200 duration=1.04ms
2026-09-01T19:48:41+0700 [INFO] [siredo-server] request_id=b09f8453 endpoint=GET /api/admin/config status=200 duration=0.99ms
2026-09-01T19:48:43+0700 [INFO] [siredo-server] request_id=d413f670 endpoint=GET /api/system/status status=200 duration=0.0ms
2026-09-01T19:48:56+0700 [INFO] [siredo-server] request_id=635c7b35 endpoint=GET /api/status status=200 duration=0.0ms
2026-09-01T19:48:58+0700 [INFO] [siredo-server] request_id=3821e685 endpoint=GET /api/system/status status=200 duration=0.0ms
2026-09-01T19:48:58+0700 [INFO] [siredo-server] request_id=132362a6 endpoint=GET /api/system/status status=200 duration=1.0ms
2026-09-01T19:49:00+0700 [INFO] [siredo-server] request_id=2e11f849 endpoint=GET /api/system/status status=200 duration=1.0ms
2026-09-01T19:49:00+0700 [INFO] [siredo-server] request_id=c529b87b endpoint=GET /api/admin/dosen status=200 duration=5.98ms
2026-09-01T19:49:00+0700 [INFO] [siredo-server] request_id=fd4e4d8b endpoint=GET /api/admin/config status=200 duration=3.45ms
2026-09-01T19:49:03+0700 [INFO] [siredo-server] request_id=3fcb5839 endpoint=GET /api/admin/dosen status=200 duration=3.99ms
2026-09-01T19:49:13+0700 [INFO] [siredo-server] request_id=5608ae7e endpoint=GET /api/system/status status=200 duration=0.0ms
2026-09-01T19:49:13+0700 [INFO] [siredo-server] request_id=36657ff9 endpoint=GET /api/system/status status=200 duration=1.0ms
2026-09-01T19:49:15+0700 [INFO] [siredo-server] request_id=ae9b7260 endpoint=GET /api/system/status status=200 duration=0.98ms
2026-09-01T19:49:28+0700 [INFO] [siredo-server] request_id=cf2a863c endpoint=GET /api/system/status status=200 duration=0.0ms
2026-09-01T19:49:29+0700 [INFO] [siredo-server] request_id=bf50398d endpoint=GET /api/system/status status=200 duration=0.0ms
2026-09-01T19:49:31+0700 [INFO] [siredo-server] request_id=3baa6c62 endpoint=GET /api/system/status status=200 duration=0.0ms
2026-09-01T19:49:43+0700 [INFO] [siredo-server] request_id=a48c449c endpoint=GET /api/system/status status=200 duration=0.0ms
2026-09-01T19:49:43+0700 [INFO] [siredo-server] request_id=f7cb8800 endpoint=GET /api/system/status status=200 duration=0.0ms
2026-09-01T19:49:45+0700 [INFO] [siredo-server] request_id=c90050a8 endpoint=GET /api/system/status status=200 duration=0.0ms
2026-09-01T19:49:59+0700 [INFO] [siredo-server] request_id=f8ddb1a9 endpoint=GET /api/system/status status=200 duration=0.0ms
2026-09-01T19:49:59+0700 [INFO] [siredo-server] request_id=1f5476f2 endpoint=GET /api/system/status status=200 duration=0.0ms
2026-09-01T19:50:01+0700 [INFO] [siredo-server] request_id=f542f21a endpoint=GET /api/system/status status=200 duration=0.0ms
2026-09-01T19:50:14+0700 [INFO] [siredo-server] request_id=dced4fd5 endpoint=GET /api/system/status status=200 duration=0.0ms
2026-09-01T19:50:14+0700 [INFO] [siredo-server] request_id=51e642ff endpoint=GET /api/system/status status=200 duration=0.0ms
2026-09-01T19:50:16+0700 [INFO] [siredo-server] request_id=ad9d0f86 endpoint=GET /api/system/status status=200 duration=0.0ms
2026-09-01T19:50:29+0700 [INFO] [siredo-server] request_id=6adb068c endpoint=GET /api/system/status status=200 duration=0.0ms
2026-09-01T19:50:29+0700 [INFO] [siredo-server] request_id=331c9277 endpoint=GET /api/system/status status=200 duration=0.0ms
2026-09-01T19:50:31+0700 [INFO] [siredo-server] request_id=175132cd endpoint=GET /api/system/status status=200 duration=0.0ms
2026-09-01T19:50:44+0700 [INFO] [siredo-server] request_id=92ac915d endpoint=GET /api/system/status status=200 duration=0.0ms
2026-09-01T19:50:44+0700 [INFO] [siredo-server] request_id=1c686e55 endpoint=GET /api/system/status status=200 duration=0.0ms
2026-09-01T19:50:46+0700 [INFO] [siredo-server] request_id=86477a1d endpoint=GET /api/system/status status=200 duration=0.0ms
2026-09-01T19:51:19+0700 [INFO] [siredo-server] request_id=8da11494 endpoint=GET /api/system/status status=200 duration=0.0ms
2026-09-01T19:51:19+0700 [INFO] [siredo-server] request_id=1408f08b endpoint=GET /api/system/status status=200 duration=0.0ms
2026-09-01T19:51:19+0700 [INFO] [siredo-server] request_id=551339f3 endpoint=GET /api/system/status status=200 duration=0.0ms
2026-09-01T19:52:18+0700 [INFO] [siredo-server] request_id=2d82475e endpoint=GET /api/system/status status=200 duration=0.0ms
2026-09-01T19:52:18+0700 [INFO] [siredo-server] request_id=313844d2 endpoint=GET /api/system/status status=200 duration=0.0ms
2026-09-01T19:52:18+0700 [INFO] [siredo-server] request_id=31e0c2ab endpoint=GET /api/system/status status=200 duration=0.0ms
2026-09-01T19:53:09+0700 [INFO] [siredo-server] request_id=242ad19a endpoint=GET /api/system/status status=200 duration=1.0ms
2026-09-01T19:53:09+0700 [INFO] [siredo-server] request_id=5b6663a9 endpoint=GET /api/system/status status=200 duration=0.0ms
2026-09-01T19:53:09+0700 [INFO] [siredo-server] request_id=5730a9fd endpoint=GET /api/system/status status=200 duration=0.0ms
2026-09-01T19:53:12+0700 [INFO] [siredo-server] request_id=e73a87b6 endpoint=GET /api/admin/dosen status=200 duration=8.0ms
2026-09-01T19:53:12+0700 [INFO] [siredo-server] request_id=d20cdda8 endpoint=GET /api/admin/config status=200 duration=3.02ms
2026-09-01T19:53:13+0700 [INFO] [siredo-server] request_id=c4b443f5 endpoint=GET /api/system/status status=200 duration=0.0ms
2026-09-01T19:53:13+0700 [INFO] [siredo-server] request_id=c22667dd endpoint=GET /api/system/status status=200 duration=1.0ms
2026-09-01T19:53:13+0700 [INFO] [siredo-server] request_id=78bc55d3 endpoint=GET /api/admin/dosen status=200 duration=7.95ms
2026-09-01T19:53:15+0700 [INFO] [siredo-server] request_id=09f05825 endpoint=GET /api/system/status status=200 duration=1.0ms
2026-09-01T19:53:28+0700 [INFO] [siredo-server] request_id=3a62ed2f endpoint=GET /api/system/status status=200 duration=0.0ms
2026-09-01T19:53:28+0700 [INFO] [siredo-server] request_id=453c5fef endpoint=GET /api/system/status status=200 duration=0.0ms
2026-09-01T19:53:30+0700 [INFO] [siredo-server] request_id=7bfd0804 endpoint=GET /api/system/status status=200 duration=0.0ms
2026-09-01T19:53:44+0700 [INFO] [siredo-server] request_id=c31e943e endpoint=GET /api/system/status status=200 duration=0.0ms
2026-09-01T19:53:44+0700 [INFO] [siredo-server] request_id=cb68ff2a endpoint=GET /api/system/status status=200 duration=0.0ms
2026-09-01T19:53:46+0700 [INFO] [siredo-server] request_id=d5d43ef1 endpoint=GET /api/system/status status=200 duration=0.0ms
2026-09-01T19:53:59+0700 [INFO] [siredo-server] request_id=2fcccb8b endpoint=GET /api/system/status status=200 duration=0.0ms
2026-09-01T19:53:59+0700 [INFO] [siredo-server] request_id=7b20b18f endpoint=GET /api/system/status status=200 duration=0.0ms
2026-09-01T19:54:01+0700 [INFO] [siredo-server] request_id=d3df3dab endpoint=GET /api/system/status status=200 duration=0.0ms
2026-09-01T19:54:14+0700 [INFO] [siredo-server] request_id=3675dfce endpoint=GET /api/system/status status=200 duration=1.0ms
2026-09-01T19:54:14+0700 [INFO] [siredo-server] request_id=5d3993fa endpoint=GET /api/system/status status=200 duration=0.0ms
2026-09-01T19:54:16+0700 [INFO] [siredo-server] request_id=699c200c endpoint=GET /api/system/status status=200 duration=1.0ms
2026-09-01T19:54:29+0700 [INFO] [siredo-server] request_id=ae5c20ba endpoint=GET /api/system/status status=200 duration=0.0ms
2026-09-01T19:54:29+0700 [INFO] [siredo-server] request_id=010ef101 endpoint=GET /api/system/status status=200 duration=0.0ms
2026-09-01T19:54:31+0700 [INFO] [siredo-server] request_id=b8e52fcf endpoint=GET /api/system/status status=200 duration=0.0ms
2026-09-01T19:54:43+0700 [INFO] [siredo-server] request_id=7c026504 endpoint=GET /api/system/status status=200 duration=0.8ms
2026-09-01T19:54:43+0700 [INFO] [siredo-server] request_id=2ac9fee8 endpoint=GET /api/system/status status=200 duration=1.0ms
2026-09-01T19:54:44+0700 [INFO] [siredo-server] request_id=0684e525 endpoint=GET /api/admin/dosen status=200 duration=6.0ms
2026-09-01T19:54:45+0700 [INFO] [siredo-server] request_id=29d0f2db endpoint=GET /api/system/status status=200 duration=0.0ms
2026-09-01T19:54:58+0700 [INFO] [siredo-server] request_id=9e37d39e endpoint=GET /api/system/status status=200 duration=1.0ms
2026-09-01T19:54:58+0700 [INFO] [siredo-server] request_id=98b4f4ef endpoint=GET /api/system/status status=200 duration=0.0ms
2026-09-01T19:55:00+0700 [INFO] [siredo-server] request_id=4f4fd0b3 endpoint=GET /api/system/status status=200 duration=0.0ms
2026-09-01T19:55:13+0700 [INFO] [siredo-server] request_id=f79b42bc endpoint=GET /api/system/status status=200 duration=0.0ms
2026-09-01T19:55:13+0700 [INFO] [siredo-server] request_id=8574f345 endpoint=GET /api/system/status status=200 duration=0.0ms
2026-09-01T19:55:15+0700 [INFO] [siredo-server] request_id=082203d5 endpoint=GET /api/system/status status=200 duration=0.0ms
2026-09-01T19:55:28+0700 [INFO] [siredo-server] request_id=3ec6478b endpoint=GET /api/system/status status=200 duration=0.0ms
2026-09-01T19:55:28+0700 [INFO] [siredo-server] request_id=cf9ce49e endpoint=GET /api/system/status status=200 duration=0.0ms
2026-09-01T19:55:30+0700 [INFO] [siredo-server] request_id=c39fd517 endpoint=GET /api/system/status status=200 duration=1.0ms
2026-09-01T19:55:43+0700 [INFO] [siredo-server] request_id=a49907c4 endpoint=GET /api/system/status status=200 duration=0.13ms
2026-09-01T19:55:43+0700 [INFO] [siredo-server] request_id=9eef6978 endpoint=GET /api/system/status status=200 duration=1.01ms
2026-09-01T19:55:45+0700 [INFO] [siredo-server] request_id=f9373a3b endpoint=GET /api/system/status status=200 duration=0.0ms
2026-09-01T19:55:58+0700 [INFO] [siredo-server] request_id=4146681f endpoint=GET /api/system/status status=200 duration=0.0ms
2026-09-01T19:55:58+0700 [INFO] [siredo-server] request_id=43e4a9a2 endpoint=GET /api/system/status status=200 duration=0.0ms
2026-09-01T19:56:00+0700 [INFO] [siredo-server] request_id=751dd2f2 endpoint=GET /api/system/status status=200 duration=0.0ms
2026-09-01T19:56:13+0700 [INFO] [siredo-server] request_id=caa988aa endpoint=GET /api/system/status status=200 duration=0.0ms
2026-09-01T19:56:13+0700 [INFO] [siredo-server] request_id=b9c279e2 endpoint=GET /api/system/status status=200 duration=0.0ms
2026-09-01T19:56:15+0700 [INFO] [siredo-server] request_id=5644cff7 endpoint=GET /api/system/status status=200 duration=0.0ms
2026-09-01T19:56:29+0700 [INFO] [siredo-server] request_id=674b91e9 endpoint=GET /api/system/status status=200 duration=0.0ms
2026-09-01T19:56:29+0700 [INFO] [siredo-server] request_id=b5a5a720 endpoint=GET /api/system/status status=200 duration=0.0ms
2026-09-01T19:56:31+0700 [INFO] [siredo-server] request_id=367003f1 endpoint=GET /api/system/status status=200 duration=0.0ms
2026-09-01T19:56:44+0700 [INFO] [siredo-server] request_id=9cdb414f endpoint=GET /api/system/status status=200 duration=0.0ms
2026-09-01T19:56:44+0700 [INFO] [siredo-server] request_id=aabba866 endpoint=GET /api/system/status status=200 duration=1.0ms
2026-09-01T19:56:46+0700 [INFO] [siredo-server] request_id=280fbdee endpoint=GET /api/system/status status=200 duration=0.51ms
2026-09-01T19:56:59+0700 [INFO] [siredo-server] request_id=44616e94 endpoint=GET /api/system/status status=200 duration=1.01ms
2026-09-01T19:56:59+0700 [INFO] [siredo-server] request_id=9ec1b32a endpoint=GET /api/system/status status=200 duration=1.0ms
2026-09-01T19:57:01+0700 [INFO] [siredo-server] request_id=5266e47d endpoint=GET /api/system/status status=200 duration=0.0ms
2026-09-01T19:57:14+0700 [INFO] [siredo-server] request_id=e1786978 endpoint=GET /api/system/status status=200 duration=0.0ms
2026-09-01T19:57:14+0700 [INFO] [siredo-server] request_id=57c3cef6 endpoint=GET /api/system/status status=200 duration=0.0ms
2026-09-01T19:57:16+0700 [INFO] [siredo-server] request_id=8249d454 endpoint=GET /api/system/status status=200 duration=0.0ms
2026-09-01T19:57:28+0700 [INFO] [siredo-server] request_id=242c4aa7 endpoint=GET /api/system/status status=200 duration=0.0ms
2026-09-01T19:57:28+0700 [INFO] [siredo-server] request_id=7a226ae3 endpoint=GET /api/system/status status=200 duration=1.0ms
2026-09-01T19:57:30+0700 [INFO] [siredo-server] request_id=781c86fc endpoint=GET /api/system/status status=200 duration=1.01ms
2026-09-01T19:57:43+0700 [INFO] [siredo-server] request_id=a7350ccd endpoint=GET /api/system/status status=200 duration=0.0ms
2026-09-01T19:57:43+0700 [INFO] [siredo-server] request_id=309118e5 endpoint=GET /api/system/status status=200 duration=0.0ms
2026-09-01T19:57:45+0700 [INFO] [siredo-server] request_id=eb9fc95b endpoint=GET /api/system/status status=200 duration=1.0ms
2026-09-01T19:57:58+0700 [INFO] [siredo-server] request_id=b80e2d57 endpoint=GET /api/system/status status=200 duration=0.0ms
2026-09-01T19:57:58+0700 [INFO] [siredo-server] request_id=e5e6a2c2 endpoint=GET /api/system/status status=200 duration=0.0ms
2026-09-01T19:58:00+0700 [INFO] [siredo-server] request_id=821aaa09 endpoint=GET /api/system/status status=200 duration=0.0ms
2026-09-01T19:58:13+0700 [INFO] [siredo-server] request_id=45ca0889 endpoint=GET /api/system/status status=200 duration=0.0ms
2026-09-01T19:58:13+0700 [INFO] [siredo-server] request_id=22c7a3dd endpoint=GET /api/system/status status=200 duration=0.0ms
2026-09-01T19:58:15+0700 [INFO] [siredo-server] request_id=69a40064 endpoint=GET /api/system/status status=200 duration=0.0ms
2026-09-01T19:58:28+0700 [INFO] [siredo-server] request_id=31648b74 endpoint=GET /api/system/status status=200 duration=0.0ms
2026-09-01T19:58:28+0700 [INFO] [siredo-server] request_id=c6d19a51 endpoint=GET /api/system/status status=200 duration=0.0ms
2026-09-01T19:58:30+0700 [INFO] [siredo-server] request_id=3668a1e9 endpoint=GET /api/system/status status=200 duration=0.0ms
2026-09-01T19:58:38+0700 [INFO] [siredo-server] request_id=9e8ae391 endpoint=GET /api/admin/config status=200 duration=7.0ms
2026-09-01T19:58:42+0700 [INFO] [siredo-server] request_id=58ff3f5f endpoint=GET /api/admin/dosen status=200 duration=7.0ms
2026-09-01T19:58:43+0700 [INFO] [siredo-server] request_id=111800ab endpoint=GET /api/system/status status=200 duration=0.0ms
2026-09-01T19:58:43+0700 [INFO] [siredo-server] request_id=b1e96222 endpoint=GET /api/system/status status=200 duration=1.18ms
2026-09-01T19:58:43+0700 [INFO] [siredo-server] request_id=3fed8aa1 endpoint=GET /api/admin/dosen status=200 duration=8.95ms
2026-09-01T19:58:43+0700 [INFO] [siredo-server] request_id=9a4aa04e endpoint=GET /api/admin/config status=200 duration=2.0ms
2026-09-01T19:58:45+0700 [INFO] [siredo-server] request_id=bafac0ca endpoint=GET /api/admin/dosen status=200 duration=3.99ms
2026-09-01T19:58:45+0700 [INFO] [siredo-server] request_id=84f06ad5 endpoint=GET /api/system/status status=200 duration=0.0ms
2026-09-01T19:58:58+0700 [INFO] [siredo-server] request_id=fa7d49b7 endpoint=GET /api/system/status status=200 duration=0.0ms
2026-09-01T19:58:58+0700 [INFO] [siredo-server] request_id=fad5a4f4 endpoint=GET /api/system/status status=200 duration=0.0ms
2026-09-01T19:59:01+0700 [INFO] [siredo-server] request_id=0893c0f0 endpoint=GET /api/system/status status=200 duration=0.0ms
2026-09-01T19:59:14+0700 [INFO] [siredo-server] request_id=e7e82b1a endpoint=GET /api/system/status status=200 duration=0.0ms
2026-09-01T19:59:14+0700 [INFO] [siredo-server] request_id=877c0336 endpoint=GET /api/system/status status=200 duration=0.0ms
2026-09-01T19:59:15+0700 [INFO] [siredo-server] request_id=7162be70 endpoint=GET /api/system/status status=200 duration=0.0ms
2026-09-01T19:59:28+0700 [INFO] [siredo-server] request_id=2c00add3 endpoint=GET /api/system/status status=200 duration=0.0ms
2026-09-01T19:59:28+0700 [INFO] [siredo-server] request_id=5c8ae8d7 endpoint=GET /api/system/status status=200 duration=0.0ms
2026-09-01T19:59:30+0700 [INFO] [siredo-server] request_id=710d151a endpoint=GET /api/system/status status=200 duration=1.0ms
2026-09-01T19:59:43+0700 [INFO] [siredo-server] request_id=46616638 endpoint=GET /api/system/status status=200 duration=1.01ms
2026-09-01T19:59:43+0700 [INFO] [siredo-server] request_id=97fcc70a endpoint=GET /api/system/status status=200 duration=0.0ms
2026-09-01T19:59:45+0700 [INFO] [siredo-server] request_id=144ca6af endpoint=GET /api/system/status status=200 duration=0.0ms
2026-09-01T19:59:58+0700 [INFO] [siredo-server] request_id=c361ddc0 endpoint=GET /api/system/status status=200 duration=0.0ms
2026-09-01T19:59:58+0700 [INFO] [siredo-server] request_id=c464a5b9 endpoint=GET /api/system/status status=200 duration=1.0ms
2026-09-01T20:00:00+0700 [INFO] [siredo-server] request_id=656eca62 endpoint=GET /api/system/status status=200 duration=1.0ms
2026-09-01T20:00:13+0700 [INFO] [siredo-server] request_id=857b0a2f endpoint=GET /api/system/status status=200 duration=0.53ms
2026-09-01T20:00:13+0700 [INFO] [siredo-server] request_id=d9c77e10 endpoint=GET /api/system/status status=200 duration=0.0ms
2026-09-01T20:00:15+0700 [INFO] [siredo-server] request_id=ed0b777b endpoint=GET /api/system/status status=200 duration=0.0ms
2026-09-01T20:00:29+0700 [INFO] [siredo-server] request_id=3d43f90b endpoint=GET /api/system/status status=200 duration=1.0ms
2026-09-01T20:00:29+0700 [INFO] [siredo-server] request_id=7409bb96 endpoint=GET /api/system/status status=200 duration=0.0ms
2026-09-01T20:00:30+0700 [INFO] [siredo-server] request_id=7e89a861 endpoint=GET /api/system/status status=200 duration=0.0ms
2026-09-01T20:00:43+0700 [INFO] [siredo-server] request_id=7d3e9959 endpoint=GET /api/system/status status=200 duration=0.0ms
2026-09-01T20:00:43+0700 [INFO] [siredo-server] request_id=f81b7759 endpoint=GET /api/system/status status=200 duration=0.0ms
2026-09-01T20:00:45+0700 [INFO] [siredo-server] request_id=44be69fa endpoint=GET /api/system/status status=200 duration=0.0ms
2026-09-01T20:00:58+0700 [INFO] [siredo-server] request_id=49ed8b32 endpoint=GET /api/system/status status=200 duration=0.0ms
2026-09-01T20:00:58+0700 [INFO] [siredo-server] request_id=1ef5240b endpoint=GET /api/system/status status=200 duration=1.17ms
2026-09-01T20:01:00+0700 [INFO] [siredo-server] request_id=fb9b8921 endpoint=GET /api/system/status status=200 duration=0.0ms
2026-09-01T20:01:13+0700 [INFO] [siredo-server] request_id=f846e4f1 endpoint=GET /api/system/status status=200 duration=0.99ms
2026-09-01T20:01:13+0700 [INFO] [siredo-server] request_id=a96ad831 endpoint=GET /api/system/status status=200 duration=0.55ms
2026-09-01T20:01:15+0700 [INFO] [siredo-server] request_id=65b61746 endpoint=GET /api/system/status status=200 duration=0.0ms
2026-09-01T20:01:28+0700 [INFO] [siredo-server] request_id=48a910a9 endpoint=GET /api/system/status status=200 duration=0.0ms
2026-09-01T20:01:28+0700 [INFO] [siredo-server] request_id=bab7fc39 endpoint=GET /api/system/status status=200 duration=1.0ms
2026-09-01T20:01:30+0700 [INFO] [siredo-server] request_id=ae074511 endpoint=GET /api/system/status status=200 duration=0.31ms
2026-09-01T20:01:44+0700 [INFO] [siredo-server] request_id=f459d600 endpoint=GET /api/system/status status=200 duration=0.0ms
2026-09-01T20:01:44+0700 [INFO] [siredo-server] request_id=7ade5f1b endpoint=GET /api/system/status status=200 duration=0.0ms
2026-09-01T20:01:46+0700 [INFO] [siredo-server] request_id=39ceab46 endpoint=GET /api/system/status status=200 duration=0.0ms
2026-09-01T20:01:59+0700 [INFO] [siredo-server] request_id=e0deab8b endpoint=GET /api/system/status status=200 duration=0.0ms
2026-09-01T20:01:59+0700 [INFO] [siredo-server] request_id=04d8b011 endpoint=GET /api/system/status status=200 duration=1.01ms
2026-09-01T20:02:01+0700 [INFO] [siredo-server] request_id=19569a4e endpoint=GET /api/system/status status=200 duration=1.0ms
2026-09-01T20:02:14+0700 [INFO] [siredo-server] request_id=53294ee6 endpoint=GET /api/system/status status=200 duration=0.0ms
2026-09-01T20:02:14+0700 [INFO] [siredo-server] request_id=a998ba8f endpoint=GET /api/system/status status=200 duration=0.0ms
2026-09-01T20:02:16+0700 [INFO] [siredo-server] request_id=9c17390a endpoint=GET /api/system/status status=200 duration=0.0ms
2026-09-01T20:02:29+0700 [INFO] [siredo-server] request_id=15763b2a endpoint=GET /api/system/status status=200 duration=0.0ms
2026-09-01T20:02:29+0700 [INFO] [siredo-server] request_id=9c4726f0 endpoint=GET /api/system/status status=200 duration=0.0ms
2026-09-01T20:02:31+0700 [INFO] [siredo-server] request_id=bc70dc93 endpoint=GET /api/system/status status=200 duration=0.0ms
2026-09-01T20:02:46+0700 [INFO] [siredo-server] request_id=e989f615 endpoint=GET /api/system/status status=200 duration=0.0ms
2026-09-01T20:02:46+0700 [INFO] [siredo-server] request_id=b466e7a3 endpoint=GET /api/system/status status=200 duration=0.0ms
2026-09-01T20:02:46+0700 [INFO] [siredo-server] request_id=6dcf91cc endpoint=GET /api/system/status status=200 duration=0.0ms
2026-09-01T20:02:59+0700 [INFO] [siredo-server] request_id=4a4ccfa2 endpoint=GET /api/system/status status=200 duration=0.0ms
2026-09-01T20:02:59+0700 [INFO] [siredo-server] request_id=18c54c3c endpoint=GET /api/system/status status=200 duration=0.0ms
2026-09-01T20:03:01+0700 [INFO] [siredo-server] request_id=0484ec0c endpoint=GET /api/system/status status=200 duration=0.0ms
2026-09-01T20:03:14+0700 [INFO] [siredo-server] request_id=d5bda4cf endpoint=GET /api/system/status status=200 duration=0.98ms
2026-09-01T20:03:14+0700 [INFO] [siredo-server] request_id=f8ab2428 endpoint=GET /api/system/status status=200 duration=0.0ms
2026-09-01T20:03:16+0700 [INFO] [siredo-server] request_id=7897c415 endpoint=GET /api/system/status status=200 duration=0.0ms
2026-09-01T20:03:29+0700 [INFO] [siredo-server] request_id=138d398a endpoint=GET /api/system/status status=200 duration=0.0ms
2026-09-01T20:03:29+0700 [INFO] [siredo-server] request_id=54102a70 endpoint=GET /api/system/status status=200 duration=0.0ms
2026-09-01T20:03:31+0700 [INFO] [siredo-server] request_id=0aca1321 endpoint=GET /api/system/status status=200 duration=1.0ms
2026-09-01T20:03:44+0700 [INFO] [siredo-server] request_id=5ce33cf5 endpoint=GET /api/system/status status=200 duration=0.0ms
2026-09-01T20:03:44+0700 [INFO] [siredo-server] request_id=476e1da3 endpoint=GET /api/system/status status=200 duration=1.01ms
2026-09-01T20:03:46+0700 [INFO] [siredo-server] request_id=1b9ed183 endpoint=GET /api/system/status status=200 duration=0.0ms
2026-09-01T20:03:58+0700 [INFO] [siredo-server] request_id=42ff85f2 endpoint=GET /api/system/status status=200 duration=0.0ms
2026-09-01T20:03:58+0700 [INFO] [siredo-server] request_id=170cd4ec endpoint=GET /api/system/status status=200 duration=0.0ms
2026-09-01T20:04:00+0700 [INFO] [siredo-server] request_id=a044eec9 endpoint=GET /api/system/status status=200 duration=0.0ms
2026-09-01T20:04:14+0700 [INFO] [siredo-server] request_id=4db6f4d0 endpoint=GET /api/system/status status=200 duration=0.0ms
2026-09-01T20:04:14+0700 [INFO] [siredo-server] request_id=7e542032 endpoint=GET /api/system/status status=200 duration=0.0ms
2026-09-01T20:04:15+0700 [INFO] [siredo-server] request_id=70219715 endpoint=GET /api/system/status status=200 duration=0.96ms
2026-09-01T20:04:15+0700 [INFO] [siredo-server] request_id=71f4a416 endpoint=GET /api/admin/dosen status=200 duration=10.0ms
2026-09-01T20:04:30+0700 [INFO] [siredo-server] request_id=5eff3e19 endpoint=GET /api/system/status status=200 duration=0.0ms
2026-09-01T20:04:45+0700 [INFO] [siredo-server] request_id=dbdc6182 endpoint=GET /api/system/status status=200 duration=1.0ms
2026-09-01T20:05:00+0700 [INFO] [siredo-server] request_id=c5c89552 endpoint=GET /api/system/status status=200 duration=0.0ms
2026-09-01T20:05:15+0700 [INFO] [siredo-server] request_id=52956d94 endpoint=GET /api/system/status status=200 duration=0.0ms
2026-09-01T20:05:30+0700 [INFO] [siredo-server] request_id=fa820bbf endpoint=GET /api/system/status status=200 duration=0.0ms
2026-09-01T20:05:45+0700 [INFO] [siredo-server] request_id=36270e25 endpoint=GET /api/system/status status=200 duration=0.0ms
2026-09-01T20:06:00+0700 [INFO] [siredo-server] request_id=b53970cf endpoint=GET /api/system/status status=200 duration=0.0ms
2026-09-01T20:06:15+0700 [INFO] [siredo-server] request_id=4b8b1650 endpoint=GET /api/system/status status=200 duration=1.0ms
2026-09-01T20:06:30+0700 [INFO] [siredo-server] request_id=0dca9b96 endpoint=GET /api/system/status status=200 duration=1.0ms
2026-09-01T20:06:36+0700 [INFO] [siredo-server] request_id=946aa6ce endpoint=GET /api/admin/dosen status=200 duration=7.01ms
2026-09-01T20:06:45+0700 [INFO] [siredo-server] request_id=f223854b endpoint=GET /api/system/status status=200 duration=0.0ms
2026-09-01T20:06:57+0700 [WARNING] [siredo-server] Application error [NOT_FOUND]: Dosen dengan ID/NIDN undefined tidak ditemukan
2026-09-01T20:06:57+0700 [INFO] [siredo-server] request_id=b66e1151 endpoint=GET /api/admin/dosen/undefined status=404 duration=1.98ms
2026-09-01T20:06:59+0700 [INFO] [siredo-server] request_id=cec1c5e2 endpoint=GET /api/admin/dosen status=200 duration=4.13ms
2026-09-01T20:07:00+0700 [INFO] [siredo-server] request_id=e0421f00 endpoint=GET /api/system/status status=200 duration=0.0ms
2026-09-01T20:07:00+0700 [WARNING] [siredo-server] Application error [NOT_FOUND]: Dosen dengan ID/NIDN undefined tidak ditemukan
2026-09-01T20:07:00+0700 [INFO] [siredo-server] request_id=48973fe5 endpoint=GET /api/admin/dosen/undefined status=404 duration=3.56ms
2026-09-01T20:07:06+0700 [INFO] [siredo-server] request_id=f2a7fd2f endpoint=GET /api/admin/dosen status=200 duration=4.64ms
2026-09-01T20:07:15+0700 [INFO] [siredo-server] request_id=72fd0017 endpoint=GET /api/system/status status=200 duration=1.0ms
2026-09-01T20:07:30+0700 [INFO] [siredo-server] request_id=638c808f endpoint=GET /api/system/status status=200 duration=1.0ms
2026-09-01T20:07:45+0700 [INFO] [siredo-server] request_id=a2ddc137 endpoint=GET /api/system/status status=200 duration=0.0ms
2026-09-01T20:08:00+0700 [INFO] [siredo-server] request_id=1f195056 endpoint=GET /api/system/status status=200 duration=0.0ms
2026-09-01T20:08:15+0700 [INFO] [siredo-server] request_id=f08611ac endpoint=GET /api/system/status status=200 duration=0.52ms
2026-09-01T20:08:30+0700 [INFO] [siredo-server] request_id=abc3b7eb endpoint=GET /api/system/status status=200 duration=0.0ms
2026-09-01T20:08:45+0700 [INFO] [siredo-server] request_id=9fc7a680 endpoint=GET /api/system/status status=200 duration=0.0ms
2026-09-01T20:09:00+0700 [INFO] [siredo-server] request_id=14b223aa endpoint=GET /api/system/status status=200 duration=0.0ms
2026-09-01T20:09:15+0700 [INFO] [siredo-server] request_id=44d6de4f endpoint=GET /api/system/status status=200 duration=0.0ms
2026-09-01T20:09:30+0700 [INFO] [siredo-server] request_id=a3f445fa endpoint=GET /api/system/status status=200 duration=0.0ms
2026-09-01T20:09:45+0700 [INFO] [siredo-server] request_id=1af21b2a endpoint=GET /api/system/status status=200 duration=0.0ms
2026-09-01T20:10:00+0700 [INFO] [siredo-server] request_id=0448677c endpoint=GET /api/system/status status=200 duration=0.0ms
2026-09-01T20:10:15+0700 [INFO] [siredo-server] request_id=61acc969 endpoint=GET /api/system/status status=200 duration=0.0ms
2026-09-01T20:10:31+0700 [INFO] [siredo-server] request_id=1c0d3aa1 endpoint=GET /api/system/status status=200 duration=1.0ms
2026-09-01T20:10:45+0700 [INFO] [siredo-server] request_id=40b57c9d endpoint=GET /api/system/status status=200 duration=0.17ms
2026-09-01T20:10:45+0700 [INFO] [siredo-server] request_id=6228699b endpoint=GET /api/system/status status=200 duration=0.0ms
2026-09-01T20:10:45+0700 [INFO] [siredo-server] request_id=3df5ac86 endpoint=GET /api/admin/dosen status=200 duration=11.5ms
2026-09-01T20:10:49+0700 [WARNING] [siredo-server] Application error [NOT_FOUND]: Dosen dengan ID/NIDN undefined tidak ditemukan
2026-09-01T20:10:49+0700 [INFO] [siredo-server] request_id=b7eee14b endpoint=GET /api/admin/dosen/undefined status=404 duration=2.0ms
2026-09-01T20:10:51+0700 [INFO] [siredo-server] request_id=cfc3462f endpoint=GET /api/admin/dosen status=200 duration=7.76ms
2026-09-01T20:11:01+0700 [INFO] [siredo-server] request_id=c7b4d427 endpoint=GET /api/system/status status=200 duration=0.0ms
2026-09-01T20:11:16+0700 [INFO] [siredo-server] request_id=eaaf48ac endpoint=GET /api/system/status status=200 duration=0.0ms
2026-09-01T20:11:31+0700 [INFO] [siredo-server] request_id=2cfac4dd endpoint=GET /api/system/status status=200 duration=0.0ms
2026-09-01T20:11:46+0700 [INFO] [siredo-server] request_id=20acad36 endpoint=GET /api/system/status status=200 duration=0.0ms
2026-09-01T20:12:01+0700 [INFO] [siredo-server] request_id=538c9182 endpoint=GET /api/system/status status=200 duration=0.0ms
2026-09-01T20:12:15+0700 [INFO] [siredo-server] request_id=232c9026 endpoint=GET /api/system/status status=200 duration=0.0ms
2026-09-01T20:12:30+0700 [INFO] [siredo-server] request_id=2e1ab80e endpoint=GET /api/system/status status=200 duration=0.0ms
2026-09-01T20:12:45+0700 [INFO] [siredo-server] request_id=8a2602cd endpoint=GET /api/system/status status=200 duration=0.0ms
2026-09-01T20:13:01+0700 [INFO] [siredo-server] request_id=515f18bd endpoint=GET /api/system/status status=200 duration=0.0ms
2026-09-01T20:13:16+0700 [INFO] [siredo-server] request_id=99467f9e endpoint=GET /api/system/status status=200 duration=1.0ms
2026-09-01T20:13:31+0700 [INFO] [siredo-server] request_id=610c4bb9 endpoint=GET /api/system/status status=200 duration=0.0ms
2026-09-01T20:13:46+0700 [INFO] [siredo-server] request_id=cb899d63 endpoint=GET /api/system/status status=200 duration=0.0ms
2026-09-01T20:14:01+0700 [INFO] [siredo-server] request_id=95ab1e80 endpoint=GET /api/system/status status=200 duration=0.0ms
2026-09-01T20:14:16+0700 [INFO] [siredo-server] request_id=17c9835a endpoint=GET /api/system/status status=200 duration=0.0ms
2026-09-01T20:14:31+0700 [INFO] [siredo-server] request_id=8926b40c endpoint=GET /api/system/status status=200 duration=0.91ms
2026-09-01T20:14:46+0700 [INFO] [siredo-server] request_id=34fe09a0 endpoint=GET /api/system/status status=200 duration=0.0ms
2026-09-01T20:15:18+0700 [INFO] [siredo-server] request_id=03879d40 endpoint=GET /api/system/status status=200 duration=0.0ms
2026-09-01T20:15:24+0700 [INFO] [siredo-server] request_id=692be937 endpoint=GET /api/system/status status=200 duration=1.02ms
2026-09-01T20:15:24+0700 [INFO] [siredo-server] request_id=e9aa690d endpoint=GET /api/admin/dosen status=200 duration=5.16ms
2026-09-01T20:15:25+0700 [WARNING] [siredo-server] Application error [NOT_FOUND]: Dosen dengan ID/NIDN undefined tidak ditemukan
2026-09-01T20:15:25+0700 [INFO] [siredo-server] request_id=90fc1e9f endpoint=GET /api/admin/dosen/undefined status=404 duration=0.0ms
2026-09-01T20:15:26+0700 [INFO] [siredo-server] request_id=d34f194b endpoint=GET /api/admin/dosen status=200 duration=3.53ms
2026-09-01T20:15:27+0700 [WARNING] [siredo-server] Application error [NOT_FOUND]: Dosen dengan ID/NIDN undefined tidak ditemukan
2026-09-01T20:15:27+0700 [INFO] [siredo-server] request_id=8c69c33f endpoint=GET /api/admin/dosen/undefined status=404 duration=1.99ms
2026-09-01T20:15:39+0700 [INFO] [siredo-server] request_id=fdc9a337 endpoint=GET /api/system/status status=200 duration=0.51ms
2026-09-01T20:15:54+0700 [INFO] [siredo-server] request_id=497e1428 endpoint=GET /api/system/status status=200 duration=0.0ms
2026-09-01T20:16:09+0700 [INFO] [siredo-server] request_id=af6dcc0e endpoint=GET /api/system/status status=200 duration=0.0ms
2026-09-01T20:16:24+0700 [INFO] [siredo-server] request_id=c8d7cec5 endpoint=GET /api/system/status status=200 duration=0.0ms
2026-09-01T20:16:39+0700 [INFO] [siredo-server] request_id=707876a5 endpoint=GET /api/system/status status=200 duration=0.0ms
2026-09-01T20:16:54+0700 [INFO] [siredo-server] request_id=ffa521fd endpoint=GET /api/system/status status=200 duration=1.23ms
2026-09-01T20:17:09+0700 [INFO] [siredo-server] request_id=bc5ff848 endpoint=GET /api/system/status status=200 duration=0.0ms
2026-09-01T20:17:24+0700 [INFO] [siredo-server] request_id=5f873501 endpoint=GET /api/system/status status=200 duration=0.0ms
2026-09-01T20:17:39+0700 [INFO] [siredo-server] request_id=dddb14b8 endpoint=GET /api/system/status status=200 duration=0.0ms
2026-09-01T20:18:18+0700 [INFO] [siredo-server] request_id=51164f0e endpoint=GET /api/system/status status=200 duration=0.0ms
2026-09-01T20:19:18+0700 [INFO] [siredo-server] request_id=2dab79be endpoint=GET /api/system/status status=200 duration=0.0ms
2026-09-01T20:20:18+0700 [INFO] [siredo-server] request_id=9bd8928f endpoint=GET /api/system/status status=200 duration=0.0ms
2026-09-01T20:21:18+0700 [INFO] [siredo-server] request_id=3e663473 endpoint=GET /api/system/status status=200 duration=1.0ms
2026-09-01T20:22:18+0700 [INFO] [siredo-server] request_id=413fb7bb endpoint=GET /api/system/status status=200 duration=0.0ms
2026-09-01T20:23:18+0700 [INFO] [siredo-server] request_id=66345487 endpoint=GET /api/system/status status=200 duration=0.0ms
2026-09-01T20:24:21+0700 [INFO] [siredo-server] request_id=ccc42de2 endpoint=GET /api/system/status status=200 duration=1.0ms
2026-09-01T20:24:49+0700 [INFO] [siredo-server] Berhasil memuat 86 data dosen dari database relasional (sqlite).
2026-09-01T20:25:21+0700 [INFO] [siredo-server] request_id=e777b335 endpoint=GET /api/system/status status=200 duration=0.0ms
2026-09-01T20:25:46+0700 [INFO] [siredo-server] Berhasil memuat 86 data dosen dari database relasional (sqlite).
2026-09-01T20:26:18+0700 [INFO] [siredo-server] request_id=743cbf20 endpoint=GET /api/system/status status=200 duration=1.0ms
2026-09-01T20:27:18+0700 [INFO] [siredo-server] request_id=43dda9a4 endpoint=GET /api/system/status status=200 duration=1.0ms
2026-09-01T20:28:18+0700 [INFO] [siredo-server] request_id=05a68cc6 endpoint=GET /api/system/status status=200 duration=0.0ms
2026-09-01T20:29:18+0700 [INFO] [siredo-server] request_id=a9c451b3 endpoint=GET /api/system/status status=200 duration=0.0ms
2026-09-01T20:30:18+0700 [INFO] [siredo-server] request_id=b5e2b4a8 endpoint=GET /api/system/status status=200 duration=0.0ms
2026-09-01T20:30:28+0700 [INFO] [siredo-server] request_id=64f50b63 endpoint=GET /api/system/status status=200 duration=0.0ms
2026-09-01T20:30:31+0700 [INFO] [siredo-server] request_id=ea2131a5 endpoint=GET /api/admin/dosen status=200 duration=12.0ms
2026-09-01T20:30:33+0700 [WARNING] [siredo-server] Application error [NOT_FOUND]: Dosen dengan ID/NIDN undefined tidak ditemukan
2026-09-01T20:30:33+0700 [INFO] [siredo-server] request_id=f19439c3 endpoint=GET /api/admin/dosen/undefined status=404 duration=1.0ms
2026-09-01T20:30:34+0700 [INFO] [siredo-server] request_id=f33066c6 endpoint=GET /api/admin/dosen status=200 duration=6.06ms
2026-09-01T20:30:35+0700 [WARNING] [siredo-server] Application error [NOT_FOUND]: Dosen dengan ID/NIDN undefined tidak ditemukan
2026-09-01T20:30:35+0700 [INFO] [siredo-server] request_id=ce6ad94f endpoint=GET /api/admin/dosen/undefined status=404 duration=1.0ms
2026-09-01T20:30:39+0700 [INFO] [siredo-server] request_id=f5abba75 endpoint=GET /api/system/status status=200 duration=0.0ms
2026-09-01T20:30:39+0700 [INFO] [siredo-server] request_id=e4684dfc endpoint=GET /api/admin/dosen status=200 duration=8.45ms
2026-09-01T20:30:48+0700 [INFO] [siredo-server] request_id=2505a24e endpoint=GET /api/admin/dosen status=200 duration=5.0ms
2026-09-01T20:30:54+0700 [INFO] [siredo-server] request_id=1c728cfd endpoint=GET /api/system/status status=200 duration=1.0ms
2026-09-01T20:31:09+0700 [INFO] [siredo-server] request_id=4dc9b1b3 endpoint=GET /api/system/status status=200 duration=0.0ms
2026-09-01T20:31:14+0700 [INFO] [siredo-server] Berhasil memuat 86 data dosen dari database relasional (sqlite).
2026-09-01T20:31:16+0700 [INFO] [siredo-server] ==================================================
2026-09-01T20:31:16+0700 [INFO] [siredo-server] MEMULAI PROSES WARM-UP SERVER (SIREDO V3)
2026-09-01T20:31:16+0700 [INFO] [siredo-server] ==================================================
2026-09-01T20:31:16+0700 [INFO] [siredo-server] [1/5] Mengambil data dosen dari Storage (Database MySQL / Excel)...
2026-09-01T20:31:16+0700 [INFO] [siredo-server] Berhasil memuat 89 data dosen dari database relasional (sqlite).
2026-09-01T20:31:16+0700 [INFO] [siredo-server]       [OK] Berhasil memuat 89 data dosen (0.04s)
2026-09-01T20:31:16+0700 [INFO] [siredo-server] [2/5] Membangun Korpus & Preprocessing Teks...
2026-09-01T20:31:16+0700 [INFO] [siredo-server]       [OK] Preprocessing korpus selesai (0.02s)
2026-09-01T20:31:16+0700 [INFO] [siredo-server] [3/5] Tokenisasi & Fitting BM25 Engine...
2026-09-01T20:31:16+0700 [INFO] [siredo-server]       [OK] Lexical BM25 Engine siap (0.17s)
2026-09-01T20:31:16+0700 [INFO] [siredo-server] [4/5] Menyiapkan Semantic SBERT Engine (Model & Embeddings)...
2026-09-01T20:31:16+0700 [INFO] [siredo-server] Memuat model Sentence-BERT 'paraphrase-multilingual-MiniLM-L12-v2' pada device: CPU...
2026-09-01T20:31:24+0700 [INFO] [siredo-server] request_id=5eaeade7 endpoint=GET /api/system/status status=200 duration=0.0ms
2026-09-01T20:31:25+0700 [INFO] [siredo-server] Berhasil memuat 89 data dosen dari database relasional (sqlite).
2026-09-01T20:31:27+0700 [INFO] [siredo-server] ==================================================
2026-09-01T20:31:27+0700 [INFO] [siredo-server] MEMULAI PROSES WARM-UP SERVER (SIREDO V3)
2026-09-01T20:31:27+0700 [INFO] [siredo-server] ==================================================
2026-09-01T20:31:27+0700 [INFO] [siredo-server] [1/5] Mengambil data dosen dari Storage (Database MySQL / Excel)...
2026-09-01T20:31:27+0700 [INFO] [siredo-server] Berhasil memuat 89 data dosen dari database relasional (sqlite).
2026-09-01T20:31:27+0700 [INFO] [siredo-server]       [OK] Berhasil memuat 89 data dosen (0.05s)
2026-09-01T20:31:27+0700 [INFO] [siredo-server] [2/5] Membangun Korpus & Preprocessing Teks...
2026-09-01T20:31:27+0700 [INFO] [siredo-server]       [OK] Preprocessing korpus selesai (0.02s)
2026-09-01T20:31:27+0700 [INFO] [siredo-server] [3/5] Tokenisasi & Fitting BM25 Engine...
2026-09-01T20:31:27+0700 [INFO] [siredo-server]       [OK] Lexical BM25 Engine siap (0.12s)
2026-09-01T20:31:27+0700 [INFO] [siredo-server] [4/5] Menyiapkan Semantic SBERT Engine (Model & Embeddings)...
2026-09-01T20:31:27+0700 [INFO] [siredo-server] Memuat model Sentence-BERT 'paraphrase-multilingual-MiniLM-L12-v2' pada device: CPU...
2026-09-01T20:31:27+0700 [INFO] [siredo-server] Memuat SBERT cache embeddings dari disk: C:\Users\USER\marcell-porto-project\siredo\server\storage\cache\sbert_embeddings.npy
2026-09-01T20:31:27+0700 [INFO] [siredo-server] Jumlah data berubah, meregenerasi SBERT embeddings...
2026-09-01T20:31:37+0700 [INFO] [siredo-server] Mengekstrak topik kata kunci KeyBERT (Semantic XAI - CPU)...
2026-09-01T20:31:39+0700 [INFO] [siredo-server] Memuat SBERT cache embeddings dari disk: C:\Users\USER\marcell-porto-project\siredo\server\storage\cache\sbert_embeddings.npy
2026-09-01T20:31:39+0700 [INFO] [siredo-server] Mengekstrak topik kata kunci KeyBERT (Semantic XAI - CPU)...
2026-09-01T20:31:39+0700 [INFO] [siredo-server] request_id=c914b348 endpoint=GET /api/system/status status=200 duration=1.0ms
2026-09-01T20:31:54+0700 [INFO] [siredo-server] request_id=81cee2a0 endpoint=GET /api/system/status status=200 duration=0.0ms
2026-09-01T20:32:11+0700 [INFO] [siredo-server] Berhasil memuat 89 data dosen dari database relasional (sqlite).
2026-09-01T20:32:14+0700 [INFO] [siredo-server] request_id=bd51415e endpoint=GET /api/system/status status=200 duration=0.0ms
2026-09-01T20:32:25+0700 [INFO] [siredo-server] request_id=b991c3b0 endpoint=GET /api/system/status status=200 duration=0.0ms
2026-09-01T20:32:39+0700 [INFO] [siredo-server] request_id=28c79b7d endpoint=GET /api/system/status status=200 duration=0.0ms
2026-09-01T20:33:20+0700 [INFO] [siredo-server] Berhasil memuat 89 data dosen dari database relasional (sqlite).
2026-09-01T20:33:20+0700 [INFO] [siredo-server] Berhasil memuat 89 data dosen dari database relasional (sqlite).
2026-09-01T20:33:23+0700 [INFO] [siredo-server] ==================================================
2026-09-01T20:33:23+0700 [INFO] [siredo-server] MEMULAI PROSES WARM-UP SERVER (SIREDO V3)
2026-09-01T20:33:23+0700 [INFO] [siredo-server] ==================================================
2026-09-01T20:33:23+0700 [INFO] [siredo-server] [1/5] Mengambil data dosen dari Storage (Database MySQL / Excel)...
2026-09-01T20:33:23+0700 [INFO] [siredo-server] Berhasil memuat 89 data dosen dari database relasional (sqlite).
2026-09-01T20:33:23+0700 [INFO] [siredo-server]       [OK] Berhasil memuat 89 data dosen (0.05s)
2026-09-01T20:33:23+0700 [INFO] [siredo-server] [2/5] Membangun Korpus & Preprocessing Teks...
2026-09-01T20:33:23+0700 [INFO] [siredo-server]       [OK] Preprocessing korpus selesai (0.03s)
2026-09-01T20:33:23+0700 [INFO] [siredo-server] [3/5] Tokenisasi & Fitting BM25 Engine...
2026-09-01T20:33:23+0700 [INFO] [siredo-server]       [OK] Lexical BM25 Engine siap (0.16s)
2026-09-01T20:33:23+0700 [INFO] [siredo-server] [4/5] Menyiapkan Semantic SBERT Engine (Model & Embeddings)...
2026-09-01T20:33:23+0700 [INFO] [siredo-server] Memuat model Sentence-BERT 'paraphrase-multilingual-MiniLM-L12-v2' pada device: CPU...
2026-09-01T20:33:27+0700 [INFO] [siredo-server] request_id=9cb6cdb2 endpoint=GET /api/system/status status=200 duration=0.0ms
2026-09-01T20:33:36+0700 [INFO] [siredo-server] Memuat SBERT cache embeddings dari disk: C:\Users\USER\marcell-porto-project\siredo\server\storage\cache\sbert_embeddings.npy
2026-09-01T20:33:36+0700 [INFO] [siredo-server] Mengekstrak topik kata kunci KeyBERT (Semantic XAI - CPU)...
2026-09-01T20:33:41+0700 [INFO] [siredo-server] Berhasil memuat 89 data dosen dari database relasional (sqlite).
2026-09-01T20:34:16+0700 [INFO] [siredo-server] request_id=d07695b5 endpoint=GET /api/system/status status=200 duration=0.0ms
2026-09-01T20:34:31+0700 [INFO] [siredo-server] request_id=ccadb1dd endpoint=GET /api/system/status status=200 duration=0.0ms
2026-09-01T20:34:39+0700 [INFO] [siredo-server] request_id=4d0f0cbf endpoint=GET /api/system/status status=200 duration=0.0ms
2026-09-01T20:34:54+0700 [INFO] [siredo-server] request_id=6d6aa7e1 endpoint=GET /api/system/status status=200 duration=0.0ms
2026-09-01T20:35:09+0700 [INFO] [siredo-server] request_id=ff8ff88f endpoint=GET /api/system/status status=200 duration=0.0ms
2026-09-01T20:35:24+0700 [INFO] [siredo-server] request_id=58ad8c5a endpoint=GET /api/system/status status=200 duration=0.0ms
2026-09-01T20:36:28+0700 [INFO] [siredo-server] request_id=8c10d7eb endpoint=GET /api/system/status status=200 duration=0.0ms
2026-09-01T20:37:17+0700 [INFO] [siredo-server] request_id=c41ddee8 endpoint=GET /health status=200 duration=0.0ms
2026-09-01T20:37:17+0700 [INFO] [siredo-server] request_id=2bd30f6a endpoint=GET /api/dosen status=200 duration=0.71ms
2026-09-01T20:37:17+0700 [INFO] [siredo-server] Memuat model Sentence-BERT 'paraphrase-multilingual-MiniLM-L12-v2' pada device: CPU...
2026-09-01T20:37:28+0700 [INFO] [siredo-server] request_id=c8324c80 endpoint=GET /api/system/status status=200 duration=0.0ms
2026-09-01T20:37:30+0700 [INFO] [siredo-server] request_id=8aa02be5 endpoint=POST /api/recommendations status=200 duration=13769.27ms
2026-09-01T20:37:31+0700 [INFO] [siredo-server] request_id=6d00ac59 endpoint=POST /api/recommendations status=200 duration=868.09ms
2026-09-01T20:37:31+0700 [WARNING] [siredo-server] Application error [VALIDATION_ERROR]: Judul atau abstrak penelitian harus diisi
2026-09-01T20:37:31+0700 [INFO] [siredo-server] request_id=585d8bdf endpoint=POST /api/recommendations status=400 duration=1.0ms
2026-09-01T20:37:33+0700 [INFO] [siredo-server] request_id=42adfe4b endpoint=POST /api/recommendations/batch status=200 duration=1605.5ms
2026-09-01T20:37:33+0700 [WARNING] [siredo-server] Application error [BATCH_LIMIT_EXCEEDED]: Jumlah batch proposal (10) melebihi batas maksimum yang diizinkan (5)
2026-09-01T20:37:33+0700 [INFO] [siredo-server] request_id=848195c3 endpoint=POST /api/recommendations/batch status=400 duration=3.0ms
2026-09-01T20:37:34+0700 [INFO] [siredo-server] request_id=e66d0f5d endpoint=POST /api/recommendations status=200 duration=1317.64ms
2026-09-01T20:37:35+0700 [INFO] [siredo-server] request_id=de34d28b endpoint=POST /api/recommendations status=200 duration=631.5ms
2026-09-01T20:37:36+0700 [INFO] [siredo-server] request_id=c7c6aedb endpoint=POST /api/recommendations status=200 duration=656.02ms
2026-09-01T20:37:36+0700 [INFO] [siredo-server] request_id=2d08f218 endpoint=POST /api/recommendations status=200 duration=687.85ms
2026-09-01T20:37:37+0700 [INFO] [siredo-server] request_id=d3e36b93 endpoint=POST /api/recommendations status=200 duration=737.5ms
2026-09-01T20:37:41+0700 [INFO] [siredo-server] request_id=fd5624a5 endpoint=POST /api/recommendations/batch status=200 duration=4188.66ms
2026-09-01T20:37:41+0700 [INFO] [siredo-server] request_id=34457a6f endpoint=GET /health status=200 duration=0.0ms
2026-09-01T20:37:42+0700 [INFO] [siredo-server] request_id=e07b19c0 endpoint=GET /api/system/status status=200 duration=0.0ms
2026-09-01T20:37:42+0700 [INFO] [siredo-server] request_id=cf3e0eeb endpoint=GET /api/dosen status=200 duration=0.0ms
2026-09-01T20:37:42+0700 [INFO] [siredo-server] request_id=d76a2b31 endpoint=GET /api/system/config status=200 duration=4.48ms
2026-09-01T20:37:42+0700 [INFO] [siredo-server] Konfigurasi runtime berhasil diperbarui: {'is_adaptive': False, 'manual_alpha': 0.6}
2026-09-01T20:37:42+0700 [INFO] [siredo-server] request_id=855eaae7 endpoint=PATCH /api/system/config status=200 duration=7.99ms
2026-09-01T20:37:42+0700 [WARNING] [siredo-server] Application error [UNAUTHENTICATED]: Akses ditolak: API Key admin tidak valid atau tidak disertakan
2026-09-01T20:37:42+0700 [INFO] [siredo-server] request_id=4fff8971 endpoint=PATCH /api/system/config status=401 duration=1.33ms
2026-09-01T20:37:43+0700 [INFO] [siredo-server] request_id=b1dbc5c3 endpoint=GET /health status=200 duration=0.14ms
2026-09-01T20:37:43+0700 [INFO] [siredo-server] request_id=aaacb477 endpoint=GET /api/dosen status=200 duration=0.0ms
2026-09-01T20:37:43+0700 [INFO] [siredo-server] Memuat model Sentence-BERT 'paraphrase-multilingual-MiniLM-L12-v2' pada device: CPU...
